// Jest Snapshot v1, https://goo.gl/fbAQLP

exports[`<PortInfoContent /> should match snapshot 1`] = `
<div>
  <div
    class="css-1ynyhby"
  >
    <div
      class="css-1dznbe2"
    >
      <h4
        class="MuiTypography-root MuiTypography-subtitle1 css-dlbwt1-MuiTypography-root"
      >
        Testisatama
      </h4>
    </div>
    <div>
      <div
        class="css-1fhgjcy"
      >
        <h5
          class="MuiTypography-root MuiTypography-subtitle1 css-dlbwt1-MuiTypography-root"
        >
          Saapuvat laivat:
        </h5>
      </div>
      <div
        class="css-1do907m"
      >
        <span
          class="icon-icon-hsl-ferry css-o38fol"
          color="rgba(7, 44, 115, 255)"
        />
        <div
          class="css-1fhgjcy"
        >
          <p
            class="MuiTypography-root MuiTypography-body2 css-1ak20dk-MuiTypography-root"
          >
            Testilaiva
          </p>
        </div>
        <div
          class="css-1fhgjcy"
        >
          <p
            class="MuiTypography-root MuiTypography-body2 css-1ak20dk-MuiTypography-root"
          >
            06.06 (07:35)
          </p>
        </div>
      </div>
    </div>
    <div>
      <div
        class="css-1fhgjcy"
      >
        <h5
          class="MuiTypography-root MuiTypography-subtitle1 css-dlbwt1-MuiTypography-root"
        >
          Lähtevät laivat:
        </h5>
      </div>
      <div
        class="css-1do907m"
      >
        <span
          class="icon-icon-hsl-ferry css-o38fol"
          color="rgba(7, 44, 115, 255)"
        />
        <div
          class="css-1fhgjcy"
        >
          <p
            class="MuiTypography-root MuiTypography-body2 css-1ak20dk-MuiTypography-root"
          >
            Testilaiva
          </p>
        </div>
        <div
          class="css-1fhgjcy"
        >
          <p
            class="MuiTypography-root MuiTypography-body2 css-1ak20dk-MuiTypography-root"
          >
            06.06 (08:55)
          </p>
        </div>
      </div>
    </div>
  </div>
</div>
`;
