// Jest Snapshot v1, https://goo.gl/fbAQLP

exports[`<LinkBasic /> should work 1`] = `
<div>
  <div
    class="css-j6fj59"
  >
    <a
      class="MuiTypography-root MuiTypography-inherit MuiLink-root MuiLink-underlineAlways css-b1yg0p-MuiTypography-root-MuiLink-root"
      href="https://www.turku.fi/feedback"
      target="_blank"
    >
      <p
        class="MuiTypography-root MuiTypography-body2 css-77qfvr-MuiTypography-root"
      >
        www.turku.fi/palaute (linkki avautuu uudelle välilehdelle).
      </p>
    </a>
  </div>
</div>
`;
